{
'project:custom/common/experimentalAtRuleUsage.css':[
1,
2,
4,
6,
12,
14,
25,
26,
29,
32,
35,
38,
41,
49,
84,
87,
],
'project:custom/common/oneDeclarationPerLine.css':[
26,
],
'project:custom/common/unknownAtRules.css':[
9,
11,
16,
22,
24,
43,
44,
47,
50,
53,
56,
59,
83,
],
'project:custom/css/experimentalFunctionUsage.css':[
10,
14,
18,
],
}
