{
'project:custom/common/at-rule-regular-expression/atRuleRegularExpression.css':[
8,
],
'project:custom/common/unknownAtRules.css':[
1,
5,
],
}
