{
'project:custom/common/duplicatebackgroundimages.css':[
30,
34,
38,
],
'project:custom/common/emptyRule.css':[
29,
30,
42,
43,
45,
46,
53,
54,
],
'project:custom/common/experimentalAtRuleUsage.css':[
9,
17,
57,
58,
85,
88,
],
'project:custom/common/knownProperty.css':[
38,
68,
68,
68,
69,
70,
71,
],
'project:custom/common/oneDeclarationPerLine.css':[
26,
],
'project:custom/common/properties/clip-path.css':[
4,
],
'project:custom/common/properties/font-family.css':[
5,
],
'project:custom/common/properties/font-language-override.css':[
4,
],
'project:custom/common/properties/list-style-type.css':[
6,
],
'project:custom/common/properties/list-style.css':[
4,
5,
8,
],
'project:custom/common/properties/marker-end.css':[
4,
],
'project:custom/common/properties/marker-mid.css':[
4,
],
'project:custom/common/properties/marker-start.css':[
4,
],
'project:custom/common/properties/nav-down.css':[
5,
14,
],
'project:custom/common/properties/nav-left.css':[
5,
14,
],
'project:custom/common/properties/nav-right.css':[
5,
14,
],
'project:custom/common/properties/nav-up.css':[
5,
14,
],
'project:custom/common/properties/prefix.css':[
8,
],
'project:custom/common/properties/quotes.css':[
4,
4,
6,
6,
10,
10,
10,
11,
11,
11,
11,
11,
],
'project:custom/common/properties/suffix.css':[
8,
],
'project:custom/common/properties/symbols.css':[
8,
],
'project:custom/common/properties/text-overflow.css':[
5,
7,
7,
],
'project:custom/common/protocolRelativeUrl/protocolRelativeUrl.css':[
3,
],
'project:custom/common/quotedUrl/quotedUrl.css':[
3,
],
'project:custom/common/single-quotes/singleQuotes.css':[
4,
],
'project:custom/common/single-quotes/singleQuotes.html':[
9,
],
'project:custom/common/unknownAtRules.css':[
19,
27,
37,
38,
],
'project:custom/css/custom/forbiddenProperties.css':[
8,
],
'project:custom/css/custom/forbiddenUrl.css':[
10,
11,
],
'project:custom/css/experimentalFunctionUsage.css':[
10,
14,
18,
],
'project:custom/css/import/importFirst1.css':[
1,
],
'project:custom/css/import/importFirst2.css':[
1,
],
'project:custom/css/import/importFirst3.css':[
1,
2,
],
'project:custom/css/import/importFirst4.css':[
1,
2,
],
'project:custom/css/import/importFirstWithCharset.css':[
4,
],
'project:custom/css/import/importNotFirst1.css':[
5,
9,
],
'project:custom/css/import/importNotFirst2.css':[
7,
12,
],
'project:custom/css/unknownFunctions.css':[
8,
],
}
