{
'project:custom/common/box-model/boxModel.css':[
3,
10,
16,
82,
88,
94,
],
'project:custom/common/boxSizing.css':[
15,
22,
28,
94,
100,
106,
],
'project:custom/common/caseInsensitiveFlag.css':[
2,
6,
],
'project:custom/common/do-not-use-shorthand-properties/doNotUseShorthandProperties.css':[
2,
3,
4,
5,
6,
7,
],
'project:custom/common/duplicatebackgroundimages.css':[
2,
6,
10,
14,
],
'project:custom/common/duplicated-properties/duplicatedProperties.css':[
2,
3,
7,
8,
9,
15,
16,
18,
22,
23,
24,
25,
30,
31,
37,
38,
39,
44,
45,
47,
51,
52,
54,
58,
59,
61,
65,
66,
67,
],
'project:custom/common/experimental-property-usage/experimentalPropertyUsage.css':[
26,
],
'project:custom/common/formatting/important.css':[
6,
8,
9,
10,
],
'project:custom/common/important-position/importantPosition.css':[
6,
8,
9,
10,
],
'project:custom/common/metrics.css':[
15,
22,
28,
],
'project:custom/common/properties/css/animation.css':[
4,
5,
6,
7,
8,
9,
10,
11,
12,
],
'project:custom/common/properties/css/border-bottom.css':[
4,
5,
6,
7,
8,
9,
10,
11,
12,
16,
22,
23,
24,
25,
26,
27,
28,
29,
30,
31,
],
'project:custom/common/properties/css/border-color.css':[
4,
5,
6,
7,
9,
10,
11,
12,
13,
],
'project:custom/common/properties/css/border-left.css':[
4,
5,
6,
7,
8,
9,
10,
11,
],
'project:custom/common/properties/css/border-radius.css':[
4,
5,
6,
7,
8,
9,
10,
11,
12,
13,
14,
15,
16,
],
'project:custom/common/properties/css/border-right.css':[
4,
5,
6,
7,
8,
9,
10,
11,
],
'project:custom/common/properties/css/border-style.css':[
4,
5,
6,
7,
8,
],
'project:custom/common/properties/css/border-top.css':[
4,
5,
6,
7,
8,
9,
10,
11,
],
'project:custom/common/properties/css/border-width.css':[
4,
5,
6,
7,
10,
11,
],
'project:custom/common/properties/css/border.css':[
4,
5,
6,
7,
8,
9,
10,
11,
12,
13,
],
'project:custom/common/properties/css/content-zoom-limit.css':[
4,
5,
7,
8,
],
'project:custom/common/properties/css/cue.css':[
7,
8,
9,
10,
11,
],
'project:custom/common/properties/css/flex-flow.css':[
10,
11,
12,
15,
],
'project:custom/common/properties/css/list-style.css':[
4,
5,
6,
7,
8,
11,
],
'project:custom/common/properties/css/margin.css':[
10,
11,
12,
13,
14,
],
'project:custom/common/properties/css/outline.css':[
4,
5,
6,
7,
8,
9,
10,
11,
],
'project:custom/common/properties/css/padding.css':[
9,
10,
11,
12,
13,
],
'project:custom/common/properties/css/pause.css':[
14,
15,
16,
17,
],
'project:custom/common/properties/css/rest.css':[
14,
15,
16,
17,
],
'project:custom/common/quoted-generic-font-family-names/quotedGenericFontFamilyNames.css':[
10,
11,
12,
],
'project:custom/common/starhack.css':[
2,
],
'project:custom/common/underscorehack.css':[
2,
],
'project:custom/common/use-shorthand-properties/shorthand.css':[
84,
85,
86,
87,
],
'project:custom/common/zerounits.css':[
12,
29,
],
'project:custom/css/experimentalFunctionUsage.css':[
4,
],
}
