{
'project:custom/common/boxSizing.css':[
58,
64,
70,
94,
94,
100,
106,
],
'project:custom/common/gradientdefinition.css':[
3,
4,
5,
6,
7,
17,
18,
23,
24,
25,
30,
31,
32,
],
'project:custom/common/properties/css/box-suppress.css':[
8,
],
'project:custom/common/properties/css/font-style.css':[
7,
],
'project:custom/common/properties/css/font-synthesis.css':[
10,
],
'project:custom/common/properties/css/outline-offset.css':[
4,
],
'project:custom/common/properties/css/overflow-wrap.css':[
6,
],
'project:custom/common/properties/css/overflow-x.css':[
9,
],
'project:custom/common/properties/css/overflow-y.css':[
9,
],
'project:custom/common/properties/css/overflow.css':[
9,
],
'project:custom/common/properties/css/text-decoration-skip.css':[
14,
],
'project:custom/common/properties/css/text-emphasis-position.css':[
8,
],
'project:custom/common/zerounits.css':[
2,
3,
4,
5,
6,
7,
8,
9,
10,
11,
12,
],
'project:custom/css/experimentalFunctionUsage.css':[
2,
],
'project:custom/css/obsoleteFunctions.css':[
8,
],
}
