{
'project:custom/common/experimental-selector-combinator-usage/experimentalSelectorCombinatorUsage.css':[
1,
5,
8,
11,
],
}
