{
'project:custom/common/duplicatebackgroundimages.css':[
2,
26,
],
'project:custom/common/properties/css/background-image.css':[
5,
],
'project:custom/common/single-quotes/singleQuotes.css':[
4,
],
'project:custom/common/single-quotes/singleQuotes.html':[
9,
],
'project:custom/css/custom/forbiddenUrl.css':[
3,
],
}
