{
'project:custom/common/emptyRule.css':[
28,
],
'project:custom/common/experimentalAtRuleUsage.css':[
56,
],
'project:custom/common/font-family-not-ending-with-generic-font-family/fontFamilyNotEndingWithGenericFontFamily.css':[
7,
7,
9,
10,
10,
11,
12,
],
'project:custom/common/inliningFontFiles.css':[
12,
19,
],
'project:custom/common/properties/css/font-family.css':[
6,
9,
9,
9,
9,
10,
10,
13,
13,
14,
21,
21,
],
'project:custom/common/unknownAtRules.css':[
36,
],
'project:custom/common/unquoted-font-family-names/unquotedFontFamilyNames.css':[
6,
7,
7,
8,
],
}
