{
'project:custom/common/formatting/delimiterSeparatedList.css':[
44,
],
'project:custom/common/trailingWhitespace.css':[
4,
7,
9,
],
}
