{
'project:custom/common/emptyDeclaration.css':[
0,
],
'project:custom/common/fontface/basic.css':[
0,
],
'project:custom/common/fontface/deep.css':[
0,
],
'project:custom/common/fontface/deepest.css':[
0,
],
'project:custom/common/inliningFontFiles.css':[
0,
],
'project:custom/common/maximumNumberOfRulesPerSheet9.css':[
0,
],
'project:custom/common/toomanywebfonts.css':[
0,
],
}
