{
'project:custom/common/case/case.less':[
3,
4,
5,
7,
9,
11,
15,
],
'project:custom/common/duplicated-properties/duplicatedProperties.less':[
23,
24,
25,
38,
],
'project:custom/common/properties/less/content-zoom-snap-points.less':[
3,
5,
],
'project:custom/common/properties/less/filter.less':[
19,
20,
21,
],
'project:custom/common/properties/less/scroll-snap-points-x.less':[
3,
5,
],
'project:custom/common/properties/less/scroll-snap-points-y.less':[
3,
5,
],
'project:custom/less/lessEscapingFunction.less':[
4,
],
'project:custom/less/obsoleteFunctions.less':[
6,
],
'project:custom/less/unknownFunctions.less':[
5,
],
}
