{
'project:custom/common/empty-stylesheet/emptyStylesheet.less':[
0,
],
}
