{
'project:custom/common/experimental-selector-combinator-usage/experimentalSelectorCombinatorUsage.less':[
5,
],
}
