{
'project:custom/common/alphabetizeDeclarations/alphabetizeDeclarations.less':[
26,
61,
],
'project:custom/common/case/case.less':[
6,
7,
],
'project:custom/common/duplicatedProperties.less':[
24,
],
}
