{
'project:custom/less/experimentalFunctionUsage.less':[
23,
],
'project:custom/less/obsoleteFunctions.less':[
5,
6,
],
'project:custom/less/unknownFunctions.less':[
2,
8,
9,
],
}
