{
'project:custom/common/experimental-pseudo-usage/experimentalPseudoUsage.less':[
29,
],
'project:custom/common/unknown-pseudo/unknownPseudo.less':[
7,
18,
],
}
