{
'project:custom/common/font-family-not-ending-with-generic-font-family/fontFamilyNotEndingWithGenericFontFamily.less':[
12,
],
'project:custom/common/quoted-generic-font-family-names/quotedGenericFontFamilyNames.less':[
3,
4,
5,
6,
6,
11,
12,
13,
14,
14,
],
}
