{
'project:custom/common/commentRegex/commentRegularExpression.less':[
0,
],
}
