{
'project:custom/common/unknown-pseudo/unknownPseudo.less':[
4,
14,
],
}
