{
'project:custom/common/use-shorthand-properties/shorthand.less':[
7,
21,
29,
37,
37,
50,
58,
66,
74,
82,
90,
97,
104,
111,
118,
127,
138,
144,
150,
156,
163,
174,
181,
189,
201,
208,
215,
222,
229,
236,
245,
251,
251,
251,
259,
265,
271,
279,
279,
279,
291,
297,
303,
309,
315,
322,
330,
336,
345,
357,
365,
373,
379,
],
}
