{
'project:custom/common/fixme/fixmeTagPresence.less':[
1,
6,
12,
20,
26,
34,
40,
],
}
