{
'project:custom/common/alphabetize-declarations/alphabetizeDeclarations.less':[
2,
],
'project:custom/common/case/case.less':[
15,
],
'project:custom/common/class-selector-naming-convention/selectorNamingConvention.less':[
1,
4,
7,
10,
13,
16,
],
'project:custom/common/id-selector-naming-convention/selectorNamingConvention.less':[
1,
4,
7,
10,
13,
],
'project:custom/common/selectorNamingConvention/selectorNamingConvention.less':[
1,
4,
7,
10,
13,
16,
19,
22,
25,
],
'project:custom/common/unknown-pseudo/unknownPseudo.less':[
1,
4,
7,
],
}
