{
'project:custom/common/case/case.less':[
21,
],
'project:custom/less/experimentalFunctionUsage.less':[
10,
14,
18,
],
}
