{
'project:custom/common/formatting/declaration.less':[
6,
10,
14,
18,
22,
24,
26,
36,
40,
44,
48,
52,
54,
56,
62,
66,
70,
72,
74,
],
'project:custom/less/experimentalFunctionUsage.less':[
19,
19,
],
}
