{
'project:custom/common/duplicated-font-families/duplicatedFontFamilies.less':[
6,
7,
8,
],
'project:custom/common/font-family-not-ending-with-generic-font-family/fontFamilyNotEndingWithGenericFontFamily.less':[
5,
],
'project:custom/common/important/important.less':[
3,
4,
],
'project:custom/common/properties/less/background-size.less':[
29,
30,
31,
],
'project:custom/common/properties/less/filter.less':[
21,
],
'project:custom/common/properties/less/font-family.less':[
18,
19,
20,
29,
],
'project:custom/common/text-transform-uppercase/textTransformUppercase.less':[
4,
5,
6,
],
'project:custom/less/experimentalFunctionUsage.less':[
11,
15,
],
}
