{
'project:custom/common/protocolRelativeUrl/protocolRelativeUrl.less':[
5,
],
'project:custom/common/quotedUrl/quotedUrl.less':[
5,
],
}
