{
'project:custom/less/experimentalFunctionUsage.less':[
2,
],
'project:custom/less/obsoleteFunctions.less':[
3,
],
}
