{
'project:custom/scss/ifElseIfSameCondition.scss':[
23,
29,
33,
44,
],
}
