{
'project:custom/common/selectorNamingConvention/selectorNamingConventionScssPlaceholder.scss':[
2,
6,
],
'project:custom/scss/extend.scss':[
2,
],
'project:custom/scss/sortDeclarationsAndDirectives.scss':[
3,
12,
22,
35,
44,
50,
55,
65,
],
}
