{
'project:custom/scss/uselessParenthesesMixinNoParameter.scss':[
11,
],
}
