{
'project:custom/scss/emptyControlFlowDirective.scss':[
21,
22,
23,
26,
29,
32,
36,
],
}
