{
'project:custom/common/properties/scss/fill-opacity.scss':[
5,
6,
],
'project:custom/common/properties/scss/flood-opacity.scss':[
5,
6,
],
'project:custom/common/properties/scss/opacity.scss':[
5,
6,
],
'project:custom/common/properties/scss/shape-image-threshold.scss':[
4,
7,
],
'project:custom/common/properties/scss/stop-opacity.scss':[
5,
6,
],
'project:custom/common/properties/scss/stroke-miterlimit.scss':[
4,
],
'project:custom/common/properties/scss/stroke-opacity.scss':[
5,
6,
],
}
