{
'project:custom/common/single-quotes/singleQuotes.scss':[
3,
8,
],
'project:custom/scss/branchSameImplementation.scss':[
2,
4,
6,
10,
12,
14,
],
'project:custom/scss/custom-function-naming-convention/customFunctionNamingConvention.scss':[
2,
6,
],
'project:custom/scss/custom-function-naming-convention/customFunctionNamingConventionCustomFormat.scss':[
2,
6,
],
'project:custom/scss/debug.scss':[
1,
2,
5,
9,
11,
],
'project:custom/scss/deprecatedUnescapedString.scss':[
1,
3,
8,
],
'project:custom/scss/ifElseIfSameCondition.scss':[
2,
6,
8,
12,
14,
16,
20,
22,
24,
28,
30,
32,
34,
38,
40,
43,
45,
],
'project:custom/scss/ifElseIfWithoutElse.scss':[
2,
6,
8,
12,
14,
16,
20,
22,
26,
28,
30,
34,
36,
39,
41,
],
'project:custom/scss/nested-control-flow-directives/nestedControlFlowDirectives.scss':[
4,
13,
16,
19,
29,
32,
40,
43,
51,
54,
],
'project:custom/scss/nested-control-flow-directives/nestedControlFlowDirectivesCustomThreshold.scss':[
3,
10,
13,
16,
],
'project:custom/scss/throughInsteadOfTo.scss':[
2,
6,
],
'project:custom/scss/too-complex-condition/tooComplexConditionCustom.scss':[
2,
6,
10,
14,
],
'project:custom/scss/too-complex-condition/tooComplexConditionDefault.scss':[
2,
6,
10,
14,
],
}
