{
'project:custom/scss/too-complex-condition/tooComplexConditionCustom.scss':[
1,
5,
9,
13,
],
'project:custom/scss/too-complex-condition/tooComplexConditionDefault.scss':[
5,
13,
],
}
