{
'project:custom/common/at-rule-regular-expression/atRuleRegularExpression.scss':[
8,
],
}
