{
'project:custom/common/formatting/delimiterSeparatedList.scss':[
44,
],
}
