{
'project:custom/common/duplicated-properties/duplicatedProperties.scss':[
73,
74,
75,
76,
],
}
