{
'project:custom/scss/sortDeclarationsAndDirectives.scss':[
13,
25,
35,
50,
57,
70,
],
}
