{
'project:custom/common/known-properties/knownProperties.scss':[
46,
56,
],
'project:custom/common/validate-property-value/validateNestedProperties.scss':[
2,
8,
],
'project:custom/scss/atLeastTwoNestedProperties.scss':[
2,
8,
],
}
