{
'project:custom/common/stylelint-enable/stylelintEnable.scss':[
1,
6,
12,
20,
26,
34,
],
}
