{
'project:custom/common/number-precision/numberPrecision.scss':[
8,
9,
10,
11,
12,
13,
],
}
