{
'project:custom/common/formatting/delimiterSeparatedList.scss':[
66,
74,
],
'project:custom/scss/mixin-naming-convention/mixinNamingConvention.scss':[
5,
],
'project:custom/scss/mixin-naming-convention/mixinNamingConventionCustomFormat.scss':[
5,
],
'project:custom/scss/uselessParenthesesMixinNoParameter.scss':[
1,
2,
5,
8,
],
}
