{
'project:custom/common/important-position/importantPosition.scss':[
6,
7,
11,
12,
],
}
