{
'project:custom/scss/nested-rulesets/nestedRulesets.scss':[
18,
31,
47,
53,
69,
],
'project:custom/scss/nested-rulesets/nestedRulesetsCustomThreshold.scss':[
15,
],
}
