{
'project:custom/common/case/case.scss':[
3,
4,
5,
7,
9,
11,
15,
],
'project:custom/common/duplicated-properties/duplicatedProperties.scss':[
2,
7,
13,
15,
22,
28,
34,
44,
52,
71,
79,
90,
96,
],
'project:custom/common/important-position/importantPosition.scss':[
10,
11,
12,
],
'project:custom/common/selectorNamingConvention/selectorNamingConventionScssPlaceholder.scss':[
6,
],
'project:custom/common/single-quotes/singleQuotes.scss':[
3,
7,
],
'project:custom/common/unknown-pseudo/unknownPseudo.scss':[
1,
10,
21,
],
'project:custom/common/validateNestedProperties.scss':[
14,
],
'project:custom/common/validatePropertyValue.scss':[
2,
3,
],
'project:custom/scss/atLeastTwoNestedProperties.scss':[
2,
8,
],
'project:custom/scss/branchSameImplementation.scss':[
3,
13,
],
'project:custom/scss/custom-function-naming-convention/customFunctionNamingConvention.scss':[
5,
],
'project:custom/scss/custom-function-naming-convention/customFunctionNamingConventionCustomFormat.scss':[
5,
],
'project:custom/scss/debug.scss':[
1,
2,
4,
11,
],
'project:custom/scss/deprecatedUnescapedString.scss':[
7,
],
'project:custom/scss/emptyMixin.scss':[
5,
9,
],
'project:custom/scss/ifElseIfSameCondition.scss':[
23,
29,
33,
44,
],
'project:custom/scss/ifElseIfWithoutElse.scss':[
21,
29,
40,
],
'project:custom/scss/mixin-naming-convention/mixinNamingConvention.scss':[
5,
],
'project:custom/scss/mixin-naming-convention/mixinNamingConventionCustomFormat.scss':[
5,
],
'project:custom/scss/nested-control-flow-directives/nestedControlFlowDirectives.scss':[
12,
28,
31,
39,
42,
50,
53,
],
'project:custom/scss/nested-control-flow-directives/nestedControlFlowDirectivesCustomThreshold.scss':[
9,
],
'project:custom/scss/preferSingleLineComments.scss':[
2,
4,
5,
],
'project:custom/scss/throughInsteadOfTo.scss':[
1,
],
'project:custom/scss/too-complex-condition/tooComplexConditionCustom.scss':[
5,
13,
],
'project:custom/scss/too-complex-condition/tooComplexConditionDefault.scss':[
5,
13,
],
'project:custom/scss/uselessParenthesesMixinNoParameter.scss':[
1,
2,
5,
8,
],
'project:custom/scss/variable-naming-convention/scssVariableNamingConvention.scss':[
3,
4,
],
'project:custom/scss/variable-naming-convention/scssVariableNamingConventionCustomFormat.scss':[
3,
4,
5,
],
}
