{
'project:custom/common/case/case.scss':[
2,
8,
],
'project:custom/common/do-not-use-shorthand-properties/doNotUseShorthandProperties.scss':[
2,
3,
],
'project:custom/common/duplicated-properties/duplicatedProperties.scss':[
2,
7,
13,
15,
22,
44,
52,
90,
96,
],
'project:custom/common/important-position/importantPosition.scss':[
5,
9,
],
'project:custom/common/properties/scss/pause.scss':[
2,
],
'project:custom/common/properties/scss/rest.scss':[
2,
],
}
